

================================================================
== Vitis HLS Report for 'load_input'
================================================================
* Date:           Wed May  3 22:20:10 2023

* Version:        2022.1.2 (Build 3605665 on Fri Aug  5 22:52:02 MDT 2022)
* Project:        HLS_project_apply_watermark
* Solution:       solution1 (Vivado IP Flow Target)
* Product family: zynq
* Target device:  xc7z020-clg400-1


================================================================
== Performance Estimates
================================================================
+ Timing: 
    * Summary: 
    +--------+----------+----------+------------+
    |  Clock |  Target  | Estimated| Uncertainty|
    +--------+----------+----------+------------+
    |ap_clk  |  10.00 ns|  7.300 ns|     2.70 ns|
    +--------+----------+----------+------------+

+ Latency: 
    * Summary: 
    +---------+---------+----------+----------+-------+-------+---------+
    |  Latency (cycles) |  Latency (absolute) |    Interval   | Pipeline|
    |   min   |   max   |    min   |    max   |  min  |  max  |   Type  |
    +---------+---------+----------+----------+-------+-------+---------+
    |    31642|    31642|  0.316 ms|  0.316 ms|  31642|  31642|       no|
    +---------+---------+----------+----------+-------+-------+---------+

    + Detail: 
        * Instance: 
        N/A

        * Loop: 
        N/A

============================================================
+ Verbose Summary: Synthesis Manager
============================================================
InlineROM: 1
ExposeGlobal: 0
============================================================
+ Verbose Summary: CDFG Model
============================================================
IsTopModel: 0
ResetActiveHigh: 1
IsCombinational: 2
IsDatapathOnly: 0
HasWiredReturn: 1
HasMFsm: 0
HasVarLatency: 1
IsPipeline: 0
IsRtlPipelined: 0
IsInstanceOverlapped: 0
IsDontTouch: 0
HasImplIP: 0
IsGatedGlobalClock: 0


============================================================
+ Verbose Summary: Schedule
============================================================
* Number of FSM states : 72
* Pipeline : 0
* Dataflow Pipeline: 0

* FSM state transitions: 
1 --> 2 
2 --> 3 
3 --> 4 
4 --> 5 
5 --> 6 
6 --> 7 
7 --> 8 
8 --> 9 
9 --> 10 
10 --> 11 
11 --> 12 
12 --> 13 
13 --> 14 
14 --> 15 
15 --> 16 
16 --> 17 
17 --> 18 
18 --> 19 
19 --> 20 
20 --> 21 
21 --> 22 
22 --> 23 
23 --> 24 
24 --> 25 
25 --> 26 
26 --> 27 
27 --> 28 
28 --> 29 
29 --> 30 
30 --> 31 
31 --> 32 
32 --> 33 
33 --> 34 
34 --> 35 
35 --> 36 
36 --> 37 
37 --> 38 
38 --> 39 
39 --> 40 
40 --> 41 
41 --> 42 
42 --> 43 
43 --> 44 
44 --> 45 
45 --> 46 
46 --> 47 
47 --> 48 
48 --> 49 
49 --> 50 
50 --> 51 
51 --> 52 
52 --> 53 
53 --> 54 
54 --> 55 
55 --> 56 
56 --> 57 
57 --> 58 
58 --> 59 
59 --> 60 
60 --> 61 
61 --> 62 
62 --> 63 
63 --> 64 
64 --> 65 
65 --> 66 
66 --> 67 
67 --> 68 
68 --> 69 
69 --> 70 
70 --> 71 
71 --> 72 
72 --> 

* FSM state operations: 

State 1 <SV = 0> <Delay = 7.30>
ST_1 : Operation 73 [1/1] (0.00ns)   --->   "%input_read = read i64 @_ssdm_op_Read.ap_auto.i64, i64 %input_r" [Vitis_Accel_Examples/cpp_kernels/critical_path/src/apply_watermark.cpp:78]   --->   Operation 73 'read' 'input_read' <Predicate = true> <Delay = 0.00>
ST_1 : Operation 74 [1/1] (0.00ns)   --->   "%trunc_ln = partselect i58 @_ssdm_op_PartSelect.i58.i64.i32.i32, i64 %input_read, i32 6, i32 63" [Vitis_Accel_Examples/cpp_kernels/critical_path/src/apply_watermark.cpp:78]   --->   Operation 74 'partselect' 'trunc_ln' <Predicate = true> <Delay = 0.00>
ST_1 : Operation 75 [1/1] (0.00ns)   --->   "%sext_ln78 = sext i58 %trunc_ln" [Vitis_Accel_Examples/cpp_kernels/critical_path/src/apply_watermark.cpp:78]   --->   Operation 75 'sext' 'sext_ln78' <Predicate = true> <Delay = 0.00>
ST_1 : Operation 76 [1/1] (0.00ns)   --->   "%gmem0_addr = getelementptr i512 %gmem0, i64 %sext_ln78" [Vitis_Accel_Examples/cpp_kernels/critical_path/src/apply_watermark.cpp:78]   --->   Operation 76 'getelementptr' 'gmem0_addr' <Predicate = true> <Delay = 0.00>
ST_1 : Operation 77 [70/70] (7.30ns)   --->   "%empty = readreq i1 @_ssdm_op_ReadReq.m_axi.p1i512, i512 %gmem0_addr, i32 31568" [Vitis_Accel_Examples/cpp_kernels/critical_path/src/apply_watermark.cpp:78]   --->   Operation 77 'readreq' 'empty' <Predicate = true> <Delay = 7.30> <CoreInst = "m_axi">   --->   Core 113 'm_axi' <Latency = 0> <II = 1> <Delay = 1.00> <Adapter> <Opcode : 'read' 'write' 'readreq' 'writereq' 'writeresp'>

State 2 <SV = 1> <Delay = 7.30>
ST_2 : Operation 78 [69/70] (7.30ns)   --->   "%empty = readreq i1 @_ssdm_op_ReadReq.m_axi.p1i512, i512 %gmem0_addr, i32 31568" [Vitis_Accel_Examples/cpp_kernels/critical_path/src/apply_watermark.cpp:78]   --->   Operation 78 'readreq' 'empty' <Predicate = true> <Delay = 7.30> <CoreInst = "m_axi">   --->   Core 113 'm_axi' <Latency = 0> <II = 1> <Delay = 1.00> <Adapter> <Opcode : 'read' 'write' 'readreq' 'writereq' 'writeresp'>

State 3 <SV = 2> <Delay = 7.30>
ST_3 : Operation 79 [68/70] (7.30ns)   --->   "%empty = readreq i1 @_ssdm_op_ReadReq.m_axi.p1i512, i512 %gmem0_addr, i32 31568" [Vitis_Accel_Examples/cpp_kernels/critical_path/src/apply_watermark.cpp:78]   --->   Operation 79 'readreq' 'empty' <Predicate = true> <Delay = 7.30> <CoreInst = "m_axi">   --->   Core 113 'm_axi' <Latency = 0> <II = 1> <Delay = 1.00> <Adapter> <Opcode : 'read' 'write' 'readreq' 'writereq' 'writeresp'>

State 4 <SV = 3> <Delay = 7.30>
ST_4 : Operation 80 [67/70] (7.30ns)   --->   "%empty = readreq i1 @_ssdm_op_ReadReq.m_axi.p1i512, i512 %gmem0_addr, i32 31568" [Vitis_Accel_Examples/cpp_kernels/critical_path/src/apply_watermark.cpp:78]   --->   Operation 80 'readreq' 'empty' <Predicate = true> <Delay = 7.30> <CoreInst = "m_axi">   --->   Core 113 'm_axi' <Latency = 0> <II = 1> <Delay = 1.00> <Adapter> <Opcode : 'read' 'write' 'readreq' 'writereq' 'writeresp'>

State 5 <SV = 4> <Delay = 7.30>
ST_5 : Operation 81 [66/70] (7.30ns)   --->   "%empty = readreq i1 @_ssdm_op_ReadReq.m_axi.p1i512, i512 %gmem0_addr, i32 31568" [Vitis_Accel_Examples/cpp_kernels/critical_path/src/apply_watermark.cpp:78]   --->   Operation 81 'readreq' 'empty' <Predicate = true> <Delay = 7.30> <CoreInst = "m_axi">   --->   Core 113 'm_axi' <Latency = 0> <II = 1> <Delay = 1.00> <Adapter> <Opcode : 'read' 'write' 'readreq' 'writereq' 'writeresp'>

State 6 <SV = 5> <Delay = 7.30>
ST_6 : Operation 82 [65/70] (7.30ns)   --->   "%empty = readreq i1 @_ssdm_op_ReadReq.m_axi.p1i512, i512 %gmem0_addr, i32 31568" [Vitis_Accel_Examples/cpp_kernels/critical_path/src/apply_watermark.cpp:78]   --->   Operation 82 'readreq' 'empty' <Predicate = true> <Delay = 7.30> <CoreInst = "m_axi">   --->   Core 113 'm_axi' <Latency = 0> <II = 1> <Delay = 1.00> <Adapter> <Opcode : 'read' 'write' 'readreq' 'writereq' 'writeresp'>

State 7 <SV = 6> <Delay = 7.30>
ST_7 : Operation 83 [64/70] (7.30ns)   --->   "%empty = readreq i1 @_ssdm_op_ReadReq.m_axi.p1i512, i512 %gmem0_addr, i32 31568" [Vitis_Accel_Examples/cpp_kernels/critical_path/src/apply_watermark.cpp:78]   --->   Operation 83 'readreq' 'empty' <Predicate = true> <Delay = 7.30> <CoreInst = "m_axi">   --->   Core 113 'm_axi' <Latency = 0> <II = 1> <Delay = 1.00> <Adapter> <Opcode : 'read' 'write' 'readreq' 'writereq' 'writeresp'>

State 8 <SV = 7> <Delay = 7.30>
ST_8 : Operation 84 [63/70] (7.30ns)   --->   "%empty = readreq i1 @_ssdm_op_ReadReq.m_axi.p1i512, i512 %gmem0_addr, i32 31568" [Vitis_Accel_Examples/cpp_kernels/critical_path/src/apply_watermark.cpp:78]   --->   Operation 84 'readreq' 'empty' <Predicate = true> <Delay = 7.30> <CoreInst = "m_axi">   --->   Core 113 'm_axi' <Latency = 0> <II = 1> <Delay = 1.00> <Adapter> <Opcode : 'read' 'write' 'readreq' 'writereq' 'writeresp'>

State 9 <SV = 8> <Delay = 7.30>
ST_9 : Operation 85 [62/70] (7.30ns)   --->   "%empty = readreq i1 @_ssdm_op_ReadReq.m_axi.p1i512, i512 %gmem0_addr, i32 31568" [Vitis_Accel_Examples/cpp_kernels/critical_path/src/apply_watermark.cpp:78]   --->   Operation 85 'readreq' 'empty' <Predicate = true> <Delay = 7.30> <CoreInst = "m_axi">   --->   Core 113 'm_axi' <Latency = 0> <II = 1> <Delay = 1.00> <Adapter> <Opcode : 'read' 'write' 'readreq' 'writereq' 'writeresp'>

State 10 <SV = 9> <Delay = 7.30>
ST_10 : Operation 86 [61/70] (7.30ns)   --->   "%empty = readreq i1 @_ssdm_op_ReadReq.m_axi.p1i512, i512 %gmem0_addr, i32 31568" [Vitis_Accel_Examples/cpp_kernels/critical_path/src/apply_watermark.cpp:78]   --->   Operation 86 'readreq' 'empty' <Predicate = true> <Delay = 7.30> <CoreInst = "m_axi">   --->   Core 113 'm_axi' <Latency = 0> <II = 1> <Delay = 1.00> <Adapter> <Opcode : 'read' 'write' 'readreq' 'writereq' 'writeresp'>

State 11 <SV = 10> <Delay = 7.30>
ST_11 : Operation 87 [60/70] (7.30ns)   --->   "%empty = readreq i1 @_ssdm_op_ReadReq.m_axi.p1i512, i512 %gmem0_addr, i32 31568" [Vitis_Accel_Examples/cpp_kernels/critical_path/src/apply_watermark.cpp:78]   --->   Operation 87 'readreq' 'empty' <Predicate = true> <Delay = 7.30> <CoreInst = "m_axi">   --->   Core 113 'm_axi' <Latency = 0> <II = 1> <Delay = 1.00> <Adapter> <Opcode : 'read' 'write' 'readreq' 'writereq' 'writeresp'>

State 12 <SV = 11> <Delay = 7.30>
ST_12 : Operation 88 [59/70] (7.30ns)   --->   "%empty = readreq i1 @_ssdm_op_ReadReq.m_axi.p1i512, i512 %gmem0_addr, i32 31568" [Vitis_Accel_Examples/cpp_kernels/critical_path/src/apply_watermark.cpp:78]   --->   Operation 88 'readreq' 'empty' <Predicate = true> <Delay = 7.30> <CoreInst = "m_axi">   --->   Core 113 'm_axi' <Latency = 0> <II = 1> <Delay = 1.00> <Adapter> <Opcode : 'read' 'write' 'readreq' 'writereq' 'writeresp'>

State 13 <SV = 12> <Delay = 7.30>
ST_13 : Operation 89 [58/70] (7.30ns)   --->   "%empty = readreq i1 @_ssdm_op_ReadReq.m_axi.p1i512, i512 %gmem0_addr, i32 31568" [Vitis_Accel_Examples/cpp_kernels/critical_path/src/apply_watermark.cpp:78]   --->   Operation 89 'readreq' 'empty' <Predicate = true> <Delay = 7.30> <CoreInst = "m_axi">   --->   Core 113 'm_axi' <Latency = 0> <II = 1> <Delay = 1.00> <Adapter> <Opcode : 'read' 'write' 'readreq' 'writereq' 'writeresp'>

State 14 <SV = 13> <Delay = 7.30>
ST_14 : Operation 90 [57/70] (7.30ns)   --->   "%empty = readreq i1 @_ssdm_op_ReadReq.m_axi.p1i512, i512 %gmem0_addr, i32 31568" [Vitis_Accel_Examples/cpp_kernels/critical_path/src/apply_watermark.cpp:78]   --->   Operation 90 'readreq' 'empty' <Predicate = true> <Delay = 7.30> <CoreInst = "m_axi">   --->   Core 113 'm_axi' <Latency = 0> <II = 1> <Delay = 1.00> <Adapter> <Opcode : 'read' 'write' 'readreq' 'writereq' 'writeresp'>

State 15 <SV = 14> <Delay = 7.30>
ST_15 : Operation 91 [56/70] (7.30ns)   --->   "%empty = readreq i1 @_ssdm_op_ReadReq.m_axi.p1i512, i512 %gmem0_addr, i32 31568" [Vitis_Accel_Examples/cpp_kernels/critical_path/src/apply_watermark.cpp:78]   --->   Operation 91 'readreq' 'empty' <Predicate = true> <Delay = 7.30> <CoreInst = "m_axi">   --->   Core 113 'm_axi' <Latency = 0> <II = 1> <Delay = 1.00> <Adapter> <Opcode : 'read' 'write' 'readreq' 'writereq' 'writeresp'>

State 16 <SV = 15> <Delay = 7.30>
ST_16 : Operation 92 [55/70] (7.30ns)   --->   "%empty = readreq i1 @_ssdm_op_ReadReq.m_axi.p1i512, i512 %gmem0_addr, i32 31568" [Vitis_Accel_Examples/cpp_kernels/critical_path/src/apply_watermark.cpp:78]   --->   Operation 92 'readreq' 'empty' <Predicate = true> <Delay = 7.30> <CoreInst = "m_axi">   --->   Core 113 'm_axi' <Latency = 0> <II = 1> <Delay = 1.00> <Adapter> <Opcode : 'read' 'write' 'readreq' 'writereq' 'writeresp'>

State 17 <SV = 16> <Delay = 7.30>
ST_17 : Operation 93 [54/70] (7.30ns)   --->   "%empty = readreq i1 @_ssdm_op_ReadReq.m_axi.p1i512, i512 %gmem0_addr, i32 31568" [Vitis_Accel_Examples/cpp_kernels/critical_path/src/apply_watermark.cpp:78]   --->   Operation 93 'readreq' 'empty' <Predicate = true> <Delay = 7.30> <CoreInst = "m_axi">   --->   Core 113 'm_axi' <Latency = 0> <II = 1> <Delay = 1.00> <Adapter> <Opcode : 'read' 'write' 'readreq' 'writereq' 'writeresp'>

State 18 <SV = 17> <Delay = 7.30>
ST_18 : Operation 94 [53/70] (7.30ns)   --->   "%empty = readreq i1 @_ssdm_op_ReadReq.m_axi.p1i512, i512 %gmem0_addr, i32 31568" [Vitis_Accel_Examples/cpp_kernels/critical_path/src/apply_watermark.cpp:78]   --->   Operation 94 'readreq' 'empty' <Predicate = true> <Delay = 7.30> <CoreInst = "m_axi">   --->   Core 113 'm_axi' <Latency = 0> <II = 1> <Delay = 1.00> <Adapter> <Opcode : 'read' 'write' 'readreq' 'writereq' 'writeresp'>

State 19 <SV = 18> <Delay = 7.30>
ST_19 : Operation 95 [52/70] (7.30ns)   --->   "%empty = readreq i1 @_ssdm_op_ReadReq.m_axi.p1i512, i512 %gmem0_addr, i32 31568" [Vitis_Accel_Examples/cpp_kernels/critical_path/src/apply_watermark.cpp:78]   --->   Operation 95 'readreq' 'empty' <Predicate = true> <Delay = 7.30> <CoreInst = "m_axi">   --->   Core 113 'm_axi' <Latency = 0> <II = 1> <Delay = 1.00> <Adapter> <Opcode : 'read' 'write' 'readreq' 'writereq' 'writeresp'>

State 20 <SV = 19> <Delay = 7.30>
ST_20 : Operation 96 [51/70] (7.30ns)   --->   "%empty = readreq i1 @_ssdm_op_ReadReq.m_axi.p1i512, i512 %gmem0_addr, i32 31568" [Vitis_Accel_Examples/cpp_kernels/critical_path/src/apply_watermark.cpp:78]   --->   Operation 96 'readreq' 'empty' <Predicate = true> <Delay = 7.30> <CoreInst = "m_axi">   --->   Core 113 'm_axi' <Latency = 0> <II = 1> <Delay = 1.00> <Adapter> <Opcode : 'read' 'write' 'readreq' 'writereq' 'writeresp'>

State 21 <SV = 20> <Delay = 7.30>
ST_21 : Operation 97 [50/70] (7.30ns)   --->   "%empty = readreq i1 @_ssdm_op_ReadReq.m_axi.p1i512, i512 %gmem0_addr, i32 31568" [Vitis_Accel_Examples/cpp_kernels/critical_path/src/apply_watermark.cpp:78]   --->   Operation 97 'readreq' 'empty' <Predicate = true> <Delay = 7.30> <CoreInst = "m_axi">   --->   Core 113 'm_axi' <Latency = 0> <II = 1> <Delay = 1.00> <Adapter> <Opcode : 'read' 'write' 'readreq' 'writereq' 'writeresp'>

State 22 <SV = 21> <Delay = 7.30>
ST_22 : Operation 98 [49/70] (7.30ns)   --->   "%empty = readreq i1 @_ssdm_op_ReadReq.m_axi.p1i512, i512 %gmem0_addr, i32 31568" [Vitis_Accel_Examples/cpp_kernels/critical_path/src/apply_watermark.cpp:78]   --->   Operation 98 'readreq' 'empty' <Predicate = true> <Delay = 7.30> <CoreInst = "m_axi">   --->   Core 113 'm_axi' <Latency = 0> <II = 1> <Delay = 1.00> <Adapter> <Opcode : 'read' 'write' 'readreq' 'writereq' 'writeresp'>

State 23 <SV = 22> <Delay = 7.30>
ST_23 : Operation 99 [48/70] (7.30ns)   --->   "%empty = readreq i1 @_ssdm_op_ReadReq.m_axi.p1i512, i512 %gmem0_addr, i32 31568" [Vitis_Accel_Examples/cpp_kernels/critical_path/src/apply_watermark.cpp:78]   --->   Operation 99 'readreq' 'empty' <Predicate = true> <Delay = 7.30> <CoreInst = "m_axi">   --->   Core 113 'm_axi' <Latency = 0> <II = 1> <Delay = 1.00> <Adapter> <Opcode : 'read' 'write' 'readreq' 'writereq' 'writeresp'>

State 24 <SV = 23> <Delay = 7.30>
ST_24 : Operation 100 [47/70] (7.30ns)   --->   "%empty = readreq i1 @_ssdm_op_ReadReq.m_axi.p1i512, i512 %gmem0_addr, i32 31568" [Vitis_Accel_Examples/cpp_kernels/critical_path/src/apply_watermark.cpp:78]   --->   Operation 100 'readreq' 'empty' <Predicate = true> <Delay = 7.30> <CoreInst = "m_axi">   --->   Core 113 'm_axi' <Latency = 0> <II = 1> <Delay = 1.00> <Adapter> <Opcode : 'read' 'write' 'readreq' 'writereq' 'writeresp'>

State 25 <SV = 24> <Delay = 7.30>
ST_25 : Operation 101 [46/70] (7.30ns)   --->   "%empty = readreq i1 @_ssdm_op_ReadReq.m_axi.p1i512, i512 %gmem0_addr, i32 31568" [Vitis_Accel_Examples/cpp_kernels/critical_path/src/apply_watermark.cpp:78]   --->   Operation 101 'readreq' 'empty' <Predicate = true> <Delay = 7.30> <CoreInst = "m_axi">   --->   Core 113 'm_axi' <Latency = 0> <II = 1> <Delay = 1.00> <Adapter> <Opcode : 'read' 'write' 'readreq' 'writereq' 'writeresp'>

State 26 <SV = 25> <Delay = 7.30>
ST_26 : Operation 102 [45/70] (7.30ns)   --->   "%empty = readreq i1 @_ssdm_op_ReadReq.m_axi.p1i512, i512 %gmem0_addr, i32 31568" [Vitis_Accel_Examples/cpp_kernels/critical_path/src/apply_watermark.cpp:78]   --->   Operation 102 'readreq' 'empty' <Predicate = true> <Delay = 7.30> <CoreInst = "m_axi">   --->   Core 113 'm_axi' <Latency = 0> <II = 1> <Delay = 1.00> <Adapter> <Opcode : 'read' 'write' 'readreq' 'writereq' 'writeresp'>

State 27 <SV = 26> <Delay = 7.30>
ST_27 : Operation 103 [44/70] (7.30ns)   --->   "%empty = readreq i1 @_ssdm_op_ReadReq.m_axi.p1i512, i512 %gmem0_addr, i32 31568" [Vitis_Accel_Examples/cpp_kernels/critical_path/src/apply_watermark.cpp:78]   --->   Operation 103 'readreq' 'empty' <Predicate = true> <Delay = 7.30> <CoreInst = "m_axi">   --->   Core 113 'm_axi' <Latency = 0> <II = 1> <Delay = 1.00> <Adapter> <Opcode : 'read' 'write' 'readreq' 'writereq' 'writeresp'>

State 28 <SV = 27> <Delay = 7.30>
ST_28 : Operation 104 [43/70] (7.30ns)   --->   "%empty = readreq i1 @_ssdm_op_ReadReq.m_axi.p1i512, i512 %gmem0_addr, i32 31568" [Vitis_Accel_Examples/cpp_kernels/critical_path/src/apply_watermark.cpp:78]   --->   Operation 104 'readreq' 'empty' <Predicate = true> <Delay = 7.30> <CoreInst = "m_axi">   --->   Core 113 'm_axi' <Latency = 0> <II = 1> <Delay = 1.00> <Adapter> <Opcode : 'read' 'write' 'readreq' 'writereq' 'writeresp'>

State 29 <SV = 28> <Delay = 7.30>
ST_29 : Operation 105 [42/70] (7.30ns)   --->   "%empty = readreq i1 @_ssdm_op_ReadReq.m_axi.p1i512, i512 %gmem0_addr, i32 31568" [Vitis_Accel_Examples/cpp_kernels/critical_path/src/apply_watermark.cpp:78]   --->   Operation 105 'readreq' 'empty' <Predicate = true> <Delay = 7.30> <CoreInst = "m_axi">   --->   Core 113 'm_axi' <Latency = 0> <II = 1> <Delay = 1.00> <Adapter> <Opcode : 'read' 'write' 'readreq' 'writereq' 'writeresp'>

State 30 <SV = 29> <Delay = 7.30>
ST_30 : Operation 106 [41/70] (7.30ns)   --->   "%empty = readreq i1 @_ssdm_op_ReadReq.m_axi.p1i512, i512 %gmem0_addr, i32 31568" [Vitis_Accel_Examples/cpp_kernels/critical_path/src/apply_watermark.cpp:78]   --->   Operation 106 'readreq' 'empty' <Predicate = true> <Delay = 7.30> <CoreInst = "m_axi">   --->   Core 113 'm_axi' <Latency = 0> <II = 1> <Delay = 1.00> <Adapter> <Opcode : 'read' 'write' 'readreq' 'writereq' 'writeresp'>

State 31 <SV = 30> <Delay = 7.30>
ST_31 : Operation 107 [40/70] (7.30ns)   --->   "%empty = readreq i1 @_ssdm_op_ReadReq.m_axi.p1i512, i512 %gmem0_addr, i32 31568" [Vitis_Accel_Examples/cpp_kernels/critical_path/src/apply_watermark.cpp:78]   --->   Operation 107 'readreq' 'empty' <Predicate = true> <Delay = 7.30> <CoreInst = "m_axi">   --->   Core 113 'm_axi' <Latency = 0> <II = 1> <Delay = 1.00> <Adapter> <Opcode : 'read' 'write' 'readreq' 'writereq' 'writeresp'>

State 32 <SV = 31> <Delay = 7.30>
ST_32 : Operation 108 [39/70] (7.30ns)   --->   "%empty = readreq i1 @_ssdm_op_ReadReq.m_axi.p1i512, i512 %gmem0_addr, i32 31568" [Vitis_Accel_Examples/cpp_kernels/critical_path/src/apply_watermark.cpp:78]   --->   Operation 108 'readreq' 'empty' <Predicate = true> <Delay = 7.30> <CoreInst = "m_axi">   --->   Core 113 'm_axi' <Latency = 0> <II = 1> <Delay = 1.00> <Adapter> <Opcode : 'read' 'write' 'readreq' 'writereq' 'writeresp'>

State 33 <SV = 32> <Delay = 7.30>
ST_33 : Operation 109 [38/70] (7.30ns)   --->   "%empty = readreq i1 @_ssdm_op_ReadReq.m_axi.p1i512, i512 %gmem0_addr, i32 31568" [Vitis_Accel_Examples/cpp_kernels/critical_path/src/apply_watermark.cpp:78]   --->   Operation 109 'readreq' 'empty' <Predicate = true> <Delay = 7.30> <CoreInst = "m_axi">   --->   Core 113 'm_axi' <Latency = 0> <II = 1> <Delay = 1.00> <Adapter> <Opcode : 'read' 'write' 'readreq' 'writereq' 'writeresp'>

State 34 <SV = 33> <Delay = 7.30>
ST_34 : Operation 110 [37/70] (7.30ns)   --->   "%empty = readreq i1 @_ssdm_op_ReadReq.m_axi.p1i512, i512 %gmem0_addr, i32 31568" [Vitis_Accel_Examples/cpp_kernels/critical_path/src/apply_watermark.cpp:78]   --->   Operation 110 'readreq' 'empty' <Predicate = true> <Delay = 7.30> <CoreInst = "m_axi">   --->   Core 113 'm_axi' <Latency = 0> <II = 1> <Delay = 1.00> <Adapter> <Opcode : 'read' 'write' 'readreq' 'writereq' 'writeresp'>

State 35 <SV = 34> <Delay = 7.30>
ST_35 : Operation 111 [36/70] (7.30ns)   --->   "%empty = readreq i1 @_ssdm_op_ReadReq.m_axi.p1i512, i512 %gmem0_addr, i32 31568" [Vitis_Accel_Examples/cpp_kernels/critical_path/src/apply_watermark.cpp:78]   --->   Operation 111 'readreq' 'empty' <Predicate = true> <Delay = 7.30> <CoreInst = "m_axi">   --->   Core 113 'm_axi' <Latency = 0> <II = 1> <Delay = 1.00> <Adapter> <Opcode : 'read' 'write' 'readreq' 'writereq' 'writeresp'>

State 36 <SV = 35> <Delay = 7.30>
ST_36 : Operation 112 [35/70] (7.30ns)   --->   "%empty = readreq i1 @_ssdm_op_ReadReq.m_axi.p1i512, i512 %gmem0_addr, i32 31568" [Vitis_Accel_Examples/cpp_kernels/critical_path/src/apply_watermark.cpp:78]   --->   Operation 112 'readreq' 'empty' <Predicate = true> <Delay = 7.30> <CoreInst = "m_axi">   --->   Core 113 'm_axi' <Latency = 0> <II = 1> <Delay = 1.00> <Adapter> <Opcode : 'read' 'write' 'readreq' 'writereq' 'writeresp'>

State 37 <SV = 36> <Delay = 7.30>
ST_37 : Operation 113 [34/70] (7.30ns)   --->   "%empty = readreq i1 @_ssdm_op_ReadReq.m_axi.p1i512, i512 %gmem0_addr, i32 31568" [Vitis_Accel_Examples/cpp_kernels/critical_path/src/apply_watermark.cpp:78]   --->   Operation 113 'readreq' 'empty' <Predicate = true> <Delay = 7.30> <CoreInst = "m_axi">   --->   Core 113 'm_axi' <Latency = 0> <II = 1> <Delay = 1.00> <Adapter> <Opcode : 'read' 'write' 'readreq' 'writereq' 'writeresp'>

State 38 <SV = 37> <Delay = 7.30>
ST_38 : Operation 114 [33/70] (7.30ns)   --->   "%empty = readreq i1 @_ssdm_op_ReadReq.m_axi.p1i512, i512 %gmem0_addr, i32 31568" [Vitis_Accel_Examples/cpp_kernels/critical_path/src/apply_watermark.cpp:78]   --->   Operation 114 'readreq' 'empty' <Predicate = true> <Delay = 7.30> <CoreInst = "m_axi">   --->   Core 113 'm_axi' <Latency = 0> <II = 1> <Delay = 1.00> <Adapter> <Opcode : 'read' 'write' 'readreq' 'writereq' 'writeresp'>

State 39 <SV = 38> <Delay = 7.30>
ST_39 : Operation 115 [32/70] (7.30ns)   --->   "%empty = readreq i1 @_ssdm_op_ReadReq.m_axi.p1i512, i512 %gmem0_addr, i32 31568" [Vitis_Accel_Examples/cpp_kernels/critical_path/src/apply_watermark.cpp:78]   --->   Operation 115 'readreq' 'empty' <Predicate = true> <Delay = 7.30> <CoreInst = "m_axi">   --->   Core 113 'm_axi' <Latency = 0> <II = 1> <Delay = 1.00> <Adapter> <Opcode : 'read' 'write' 'readreq' 'writereq' 'writeresp'>

State 40 <SV = 39> <Delay = 7.30>
ST_40 : Operation 116 [31/70] (7.30ns)   --->   "%empty = readreq i1 @_ssdm_op_ReadReq.m_axi.p1i512, i512 %gmem0_addr, i32 31568" [Vitis_Accel_Examples/cpp_kernels/critical_path/src/apply_watermark.cpp:78]   --->   Operation 116 'readreq' 'empty' <Predicate = true> <Delay = 7.30> <CoreInst = "m_axi">   --->   Core 113 'm_axi' <Latency = 0> <II = 1> <Delay = 1.00> <Adapter> <Opcode : 'read' 'write' 'readreq' 'writereq' 'writeresp'>

State 41 <SV = 40> <Delay = 7.30>
ST_41 : Operation 117 [30/70] (7.30ns)   --->   "%empty = readreq i1 @_ssdm_op_ReadReq.m_axi.p1i512, i512 %gmem0_addr, i32 31568" [Vitis_Accel_Examples/cpp_kernels/critical_path/src/apply_watermark.cpp:78]   --->   Operation 117 'readreq' 'empty' <Predicate = true> <Delay = 7.30> <CoreInst = "m_axi">   --->   Core 113 'm_axi' <Latency = 0> <II = 1> <Delay = 1.00> <Adapter> <Opcode : 'read' 'write' 'readreq' 'writereq' 'writeresp'>

State 42 <SV = 41> <Delay = 7.30>
ST_42 : Operation 118 [29/70] (7.30ns)   --->   "%empty = readreq i1 @_ssdm_op_ReadReq.m_axi.p1i512, i512 %gmem0_addr, i32 31568" [Vitis_Accel_Examples/cpp_kernels/critical_path/src/apply_watermark.cpp:78]   --->   Operation 118 'readreq' 'empty' <Predicate = true> <Delay = 7.30> <CoreInst = "m_axi">   --->   Core 113 'm_axi' <Latency = 0> <II = 1> <Delay = 1.00> <Adapter> <Opcode : 'read' 'write' 'readreq' 'writereq' 'writeresp'>

State 43 <SV = 42> <Delay = 7.30>
ST_43 : Operation 119 [28/70] (7.30ns)   --->   "%empty = readreq i1 @_ssdm_op_ReadReq.m_axi.p1i512, i512 %gmem0_addr, i32 31568" [Vitis_Accel_Examples/cpp_kernels/critical_path/src/apply_watermark.cpp:78]   --->   Operation 119 'readreq' 'empty' <Predicate = true> <Delay = 7.30> <CoreInst = "m_axi">   --->   Core 113 'm_axi' <Latency = 0> <II = 1> <Delay = 1.00> <Adapter> <Opcode : 'read' 'write' 'readreq' 'writereq' 'writeresp'>

State 44 <SV = 43> <Delay = 7.30>
ST_44 : Operation 120 [27/70] (7.30ns)   --->   "%empty = readreq i1 @_ssdm_op_ReadReq.m_axi.p1i512, i512 %gmem0_addr, i32 31568" [Vitis_Accel_Examples/cpp_kernels/critical_path/src/apply_watermark.cpp:78]   --->   Operation 120 'readreq' 'empty' <Predicate = true> <Delay = 7.30> <CoreInst = "m_axi">   --->   Core 113 'm_axi' <Latency = 0> <II = 1> <Delay = 1.00> <Adapter> <Opcode : 'read' 'write' 'readreq' 'writereq' 'writeresp'>

State 45 <SV = 44> <Delay = 7.30>
ST_45 : Operation 121 [26/70] (7.30ns)   --->   "%empty = readreq i1 @_ssdm_op_ReadReq.m_axi.p1i512, i512 %gmem0_addr, i32 31568" [Vitis_Accel_Examples/cpp_kernels/critical_path/src/apply_watermark.cpp:78]   --->   Operation 121 'readreq' 'empty' <Predicate = true> <Delay = 7.30> <CoreInst = "m_axi">   --->   Core 113 'm_axi' <Latency = 0> <II = 1> <Delay = 1.00> <Adapter> <Opcode : 'read' 'write' 'readreq' 'writereq' 'writeresp'>

State 46 <SV = 45> <Delay = 7.30>
ST_46 : Operation 122 [25/70] (7.30ns)   --->   "%empty = readreq i1 @_ssdm_op_ReadReq.m_axi.p1i512, i512 %gmem0_addr, i32 31568" [Vitis_Accel_Examples/cpp_kernels/critical_path/src/apply_watermark.cpp:78]   --->   Operation 122 'readreq' 'empty' <Predicate = true> <Delay = 7.30> <CoreInst = "m_axi">   --->   Core 113 'm_axi' <Latency = 0> <II = 1> <Delay = 1.00> <Adapter> <Opcode : 'read' 'write' 'readreq' 'writereq' 'writeresp'>

State 47 <SV = 46> <Delay = 7.30>
ST_47 : Operation 123 [24/70] (7.30ns)   --->   "%empty = readreq i1 @_ssdm_op_ReadReq.m_axi.p1i512, i512 %gmem0_addr, i32 31568" [Vitis_Accel_Examples/cpp_kernels/critical_path/src/apply_watermark.cpp:78]   --->   Operation 123 'readreq' 'empty' <Predicate = true> <Delay = 7.30> <CoreInst = "m_axi">   --->   Core 113 'm_axi' <Latency = 0> <II = 1> <Delay = 1.00> <Adapter> <Opcode : 'read' 'write' 'readreq' 'writereq' 'writeresp'>

State 48 <SV = 47> <Delay = 7.30>
ST_48 : Operation 124 [23/70] (7.30ns)   --->   "%empty = readreq i1 @_ssdm_op_ReadReq.m_axi.p1i512, i512 %gmem0_addr, i32 31568" [Vitis_Accel_Examples/cpp_kernels/critical_path/src/apply_watermark.cpp:78]   --->   Operation 124 'readreq' 'empty' <Predicate = true> <Delay = 7.30> <CoreInst = "m_axi">   --->   Core 113 'm_axi' <Latency = 0> <II = 1> <Delay = 1.00> <Adapter> <Opcode : 'read' 'write' 'readreq' 'writereq' 'writeresp'>

State 49 <SV = 48> <Delay = 7.30>
ST_49 : Operation 125 [22/70] (7.30ns)   --->   "%empty = readreq i1 @_ssdm_op_ReadReq.m_axi.p1i512, i512 %gmem0_addr, i32 31568" [Vitis_Accel_Examples/cpp_kernels/critical_path/src/apply_watermark.cpp:78]   --->   Operation 125 'readreq' 'empty' <Predicate = true> <Delay = 7.30> <CoreInst = "m_axi">   --->   Core 113 'm_axi' <Latency = 0> <II = 1> <Delay = 1.00> <Adapter> <Opcode : 'read' 'write' 'readreq' 'writereq' 'writeresp'>

State 50 <SV = 49> <Delay = 7.30>
ST_50 : Operation 126 [21/70] (7.30ns)   --->   "%empty = readreq i1 @_ssdm_op_ReadReq.m_axi.p1i512, i512 %gmem0_addr, i32 31568" [Vitis_Accel_Examples/cpp_kernels/critical_path/src/apply_watermark.cpp:78]   --->   Operation 126 'readreq' 'empty' <Predicate = true> <Delay = 7.30> <CoreInst = "m_axi">   --->   Core 113 'm_axi' <Latency = 0> <II = 1> <Delay = 1.00> <Adapter> <Opcode : 'read' 'write' 'readreq' 'writereq' 'writeresp'>

State 51 <SV = 50> <Delay = 7.30>
ST_51 : Operation 127 [20/70] (7.30ns)   --->   "%empty = readreq i1 @_ssdm_op_ReadReq.m_axi.p1i512, i512 %gmem0_addr, i32 31568" [Vitis_Accel_Examples/cpp_kernels/critical_path/src/apply_watermark.cpp:78]   --->   Operation 127 'readreq' 'empty' <Predicate = true> <Delay = 7.30> <CoreInst = "m_axi">   --->   Core 113 'm_axi' <Latency = 0> <II = 1> <Delay = 1.00> <Adapter> <Opcode : 'read' 'write' 'readreq' 'writereq' 'writeresp'>

State 52 <SV = 51> <Delay = 7.30>
ST_52 : Operation 128 [19/70] (7.30ns)   --->   "%empty = readreq i1 @_ssdm_op_ReadReq.m_axi.p1i512, i512 %gmem0_addr, i32 31568" [Vitis_Accel_Examples/cpp_kernels/critical_path/src/apply_watermark.cpp:78]   --->   Operation 128 'readreq' 'empty' <Predicate = true> <Delay = 7.30> <CoreInst = "m_axi">   --->   Core 113 'm_axi' <Latency = 0> <II = 1> <Delay = 1.00> <Adapter> <Opcode : 'read' 'write' 'readreq' 'writereq' 'writeresp'>

State 53 <SV = 52> <Delay = 7.30>
ST_53 : Operation 129 [18/70] (7.30ns)   --->   "%empty = readreq i1 @_ssdm_op_ReadReq.m_axi.p1i512, i512 %gmem0_addr, i32 31568" [Vitis_Accel_Examples/cpp_kernels/critical_path/src/apply_watermark.cpp:78]   --->   Operation 129 'readreq' 'empty' <Predicate = true> <Delay = 7.30> <CoreInst = "m_axi">   --->   Core 113 'm_axi' <Latency = 0> <II = 1> <Delay = 1.00> <Adapter> <Opcode : 'read' 'write' 'readreq' 'writereq' 'writeresp'>

State 54 <SV = 53> <Delay = 7.30>
ST_54 : Operation 130 [17/70] (7.30ns)   --->   "%empty = readreq i1 @_ssdm_op_ReadReq.m_axi.p1i512, i512 %gmem0_addr, i32 31568" [Vitis_Accel_Examples/cpp_kernels/critical_path/src/apply_watermark.cpp:78]   --->   Operation 130 'readreq' 'empty' <Predicate = true> <Delay = 7.30> <CoreInst = "m_axi">   --->   Core 113 'm_axi' <Latency = 0> <II = 1> <Delay = 1.00> <Adapter> <Opcode : 'read' 'write' 'readreq' 'writereq' 'writeresp'>

State 55 <SV = 54> <Delay = 7.30>
ST_55 : Operation 131 [16/70] (7.30ns)   --->   "%empty = readreq i1 @_ssdm_op_ReadReq.m_axi.p1i512, i512 %gmem0_addr, i32 31568" [Vitis_Accel_Examples/cpp_kernels/critical_path/src/apply_watermark.cpp:78]   --->   Operation 131 'readreq' 'empty' <Predicate = true> <Delay = 7.30> <CoreInst = "m_axi">   --->   Core 113 'm_axi' <Latency = 0> <II = 1> <Delay = 1.00> <Adapter> <Opcode : 'read' 'write' 'readreq' 'writereq' 'writeresp'>

State 56 <SV = 55> <Delay = 7.30>
ST_56 : Operation 132 [15/70] (7.30ns)   --->   "%empty = readreq i1 @_ssdm_op_ReadReq.m_axi.p1i512, i512 %gmem0_addr, i32 31568" [Vitis_Accel_Examples/cpp_kernels/critical_path/src/apply_watermark.cpp:78]   --->   Operation 132 'readreq' 'empty' <Predicate = true> <Delay = 7.30> <CoreInst = "m_axi">   --->   Core 113 'm_axi' <Latency = 0> <II = 1> <Delay = 1.00> <Adapter> <Opcode : 'read' 'write' 'readreq' 'writereq' 'writeresp'>

State 57 <SV = 56> <Delay = 7.30>
ST_57 : Operation 133 [14/70] (7.30ns)   --->   "%empty = readreq i1 @_ssdm_op_ReadReq.m_axi.p1i512, i512 %gmem0_addr, i32 31568" [Vitis_Accel_Examples/cpp_kernels/critical_path/src/apply_watermark.cpp:78]   --->   Operation 133 'readreq' 'empty' <Predicate = true> <Delay = 7.30> <CoreInst = "m_axi">   --->   Core 113 'm_axi' <Latency = 0> <II = 1> <Delay = 1.00> <Adapter> <Opcode : 'read' 'write' 'readreq' 'writereq' 'writeresp'>

State 58 <SV = 57> <Delay = 7.30>
ST_58 : Operation 134 [13/70] (7.30ns)   --->   "%empty = readreq i1 @_ssdm_op_ReadReq.m_axi.p1i512, i512 %gmem0_addr, i32 31568" [Vitis_Accel_Examples/cpp_kernels/critical_path/src/apply_watermark.cpp:78]   --->   Operation 134 'readreq' 'empty' <Predicate = true> <Delay = 7.30> <CoreInst = "m_axi">   --->   Core 113 'm_axi' <Latency = 0> <II = 1> <Delay = 1.00> <Adapter> <Opcode : 'read' 'write' 'readreq' 'writereq' 'writeresp'>

State 59 <SV = 58> <Delay = 7.30>
ST_59 : Operation 135 [12/70] (7.30ns)   --->   "%empty = readreq i1 @_ssdm_op_ReadReq.m_axi.p1i512, i512 %gmem0_addr, i32 31568" [Vitis_Accel_Examples/cpp_kernels/critical_path/src/apply_watermark.cpp:78]   --->   Operation 135 'readreq' 'empty' <Predicate = true> <Delay = 7.30> <CoreInst = "m_axi">   --->   Core 113 'm_axi' <Latency = 0> <II = 1> <Delay = 1.00> <Adapter> <Opcode : 'read' 'write' 'readreq' 'writereq' 'writeresp'>

State 60 <SV = 59> <Delay = 7.30>
ST_60 : Operation 136 [11/70] (7.30ns)   --->   "%empty = readreq i1 @_ssdm_op_ReadReq.m_axi.p1i512, i512 %gmem0_addr, i32 31568" [Vitis_Accel_Examples/cpp_kernels/critical_path/src/apply_watermark.cpp:78]   --->   Operation 136 'readreq' 'empty' <Predicate = true> <Delay = 7.30> <CoreInst = "m_axi">   --->   Core 113 'm_axi' <Latency = 0> <II = 1> <Delay = 1.00> <Adapter> <Opcode : 'read' 'write' 'readreq' 'writereq' 'writeresp'>

State 61 <SV = 60> <Delay = 7.30>
ST_61 : Operation 137 [10/70] (7.30ns)   --->   "%empty = readreq i1 @_ssdm_op_ReadReq.m_axi.p1i512, i512 %gmem0_addr, i32 31568" [Vitis_Accel_Examples/cpp_kernels/critical_path/src/apply_watermark.cpp:78]   --->   Operation 137 'readreq' 'empty' <Predicate = true> <Delay = 7.30> <CoreInst = "m_axi">   --->   Core 113 'm_axi' <Latency = 0> <II = 1> <Delay = 1.00> <Adapter> <Opcode : 'read' 'write' 'readreq' 'writereq' 'writeresp'>

State 62 <SV = 61> <Delay = 7.30>
ST_62 : Operation 138 [9/70] (7.30ns)   --->   "%empty = readreq i1 @_ssdm_op_ReadReq.m_axi.p1i512, i512 %gmem0_addr, i32 31568" [Vitis_Accel_Examples/cpp_kernels/critical_path/src/apply_watermark.cpp:78]   --->   Operation 138 'readreq' 'empty' <Predicate = true> <Delay = 7.30> <CoreInst = "m_axi">   --->   Core 113 'm_axi' <Latency = 0> <II = 1> <Delay = 1.00> <Adapter> <Opcode : 'read' 'write' 'readreq' 'writereq' 'writeresp'>

State 63 <SV = 62> <Delay = 7.30>
ST_63 : Operation 139 [8/70] (7.30ns)   --->   "%empty = readreq i1 @_ssdm_op_ReadReq.m_axi.p1i512, i512 %gmem0_addr, i32 31568" [Vitis_Accel_Examples/cpp_kernels/critical_path/src/apply_watermark.cpp:78]   --->   Operation 139 'readreq' 'empty' <Predicate = true> <Delay = 7.30> <CoreInst = "m_axi">   --->   Core 113 'm_axi' <Latency = 0> <II = 1> <Delay = 1.00> <Adapter> <Opcode : 'read' 'write' 'readreq' 'writereq' 'writeresp'>

State 64 <SV = 63> <Delay = 7.30>
ST_64 : Operation 140 [7/70] (7.30ns)   --->   "%empty = readreq i1 @_ssdm_op_ReadReq.m_axi.p1i512, i512 %gmem0_addr, i32 31568" [Vitis_Accel_Examples/cpp_kernels/critical_path/src/apply_watermark.cpp:78]   --->   Operation 140 'readreq' 'empty' <Predicate = true> <Delay = 7.30> <CoreInst = "m_axi">   --->   Core 113 'm_axi' <Latency = 0> <II = 1> <Delay = 1.00> <Adapter> <Opcode : 'read' 'write' 'readreq' 'writereq' 'writeresp'>

State 65 <SV = 64> <Delay = 7.30>
ST_65 : Operation 141 [6/70] (7.30ns)   --->   "%empty = readreq i1 @_ssdm_op_ReadReq.m_axi.p1i512, i512 %gmem0_addr, i32 31568" [Vitis_Accel_Examples/cpp_kernels/critical_path/src/apply_watermark.cpp:78]   --->   Operation 141 'readreq' 'empty' <Predicate = true> <Delay = 7.30> <CoreInst = "m_axi">   --->   Core 113 'm_axi' <Latency = 0> <II = 1> <Delay = 1.00> <Adapter> <Opcode : 'read' 'write' 'readreq' 'writereq' 'writeresp'>

State 66 <SV = 65> <Delay = 7.30>
ST_66 : Operation 142 [5/70] (7.30ns)   --->   "%empty = readreq i1 @_ssdm_op_ReadReq.m_axi.p1i512, i512 %gmem0_addr, i32 31568" [Vitis_Accel_Examples/cpp_kernels/critical_path/src/apply_watermark.cpp:78]   --->   Operation 142 'readreq' 'empty' <Predicate = true> <Delay = 7.30> <CoreInst = "m_axi">   --->   Core 113 'm_axi' <Latency = 0> <II = 1> <Delay = 1.00> <Adapter> <Opcode : 'read' 'write' 'readreq' 'writereq' 'writeresp'>

State 67 <SV = 66> <Delay = 7.30>
ST_67 : Operation 143 [4/70] (7.30ns)   --->   "%empty = readreq i1 @_ssdm_op_ReadReq.m_axi.p1i512, i512 %gmem0_addr, i32 31568" [Vitis_Accel_Examples/cpp_kernels/critical_path/src/apply_watermark.cpp:78]   --->   Operation 143 'readreq' 'empty' <Predicate = true> <Delay = 7.30> <CoreInst = "m_axi">   --->   Core 113 'm_axi' <Latency = 0> <II = 1> <Delay = 1.00> <Adapter> <Opcode : 'read' 'write' 'readreq' 'writereq' 'writeresp'>

State 68 <SV = 67> <Delay = 7.30>
ST_68 : Operation 144 [3/70] (7.30ns)   --->   "%empty = readreq i1 @_ssdm_op_ReadReq.m_axi.p1i512, i512 %gmem0_addr, i32 31568" [Vitis_Accel_Examples/cpp_kernels/critical_path/src/apply_watermark.cpp:78]   --->   Operation 144 'readreq' 'empty' <Predicate = true> <Delay = 7.30> <CoreInst = "m_axi">   --->   Core 113 'm_axi' <Latency = 0> <II = 1> <Delay = 1.00> <Adapter> <Opcode : 'read' 'write' 'readreq' 'writereq' 'writeresp'>

State 69 <SV = 68> <Delay = 7.30>
ST_69 : Operation 145 [2/70] (7.30ns)   --->   "%empty = readreq i1 @_ssdm_op_ReadReq.m_axi.p1i512, i512 %gmem0_addr, i32 31568" [Vitis_Accel_Examples/cpp_kernels/critical_path/src/apply_watermark.cpp:78]   --->   Operation 145 'readreq' 'empty' <Predicate = true> <Delay = 7.30> <CoreInst = "m_axi">   --->   Core 113 'm_axi' <Latency = 0> <II = 1> <Delay = 1.00> <Adapter> <Opcode : 'read' 'write' 'readreq' 'writereq' 'writeresp'>

State 70 <SV = 69> <Delay = 7.30>
ST_70 : Operation 146 [1/70] (7.30ns)   --->   "%empty = readreq i1 @_ssdm_op_ReadReq.m_axi.p1i512, i512 %gmem0_addr, i32 31568" [Vitis_Accel_Examples/cpp_kernels/critical_path/src/apply_watermark.cpp:78]   --->   Operation 146 'readreq' 'empty' <Predicate = true> <Delay = 7.30> <CoreInst = "m_axi">   --->   Core 113 'm_axi' <Latency = 0> <II = 1> <Delay = 1.00> <Adapter> <Opcode : 'read' 'write' 'readreq' 'writereq' 'writeresp'>

State 71 <SV = 70> <Delay = 0.00>
ST_71 : Operation 147 [1/1] (0.00ns)   --->   "%empty_31 = wait i32 @_ssdm_op_Wait"   --->   Operation 147 'wait' 'empty_31' <Predicate = true> <Delay = 0.00>
ST_71 : Operation 148 [2/2] (0.00ns)   --->   "%call_ln78 = call void @load_input_Pipeline_image_traverse, i512 %gmem0, i58 %trunc_ln, i512 %inStream, i32 %xStream, i32 %yStream" [Vitis_Accel_Examples/cpp_kernels/critical_path/src/apply_watermark.cpp:78]   --->   Operation 148 'call' 'call_ln78' <Predicate = true> <Delay = 0.00> <CoreType = "Generic">   --->   Core 0 '' <Latency = 0> <II = 1> <Delay = 1.00> <Generic> <Opcode : >

State 72 <SV = 71> <Delay = 0.00>
ST_72 : Operation 149 [1/1] (0.00ns)   --->   "%specinterface_ln0 = specinterface void @_ssdm_op_SpecInterface, i512 %inStream, void @empty_5, i32 0, i32 0, void @empty_13, i32 0, i32 0, void @empty_13, void @empty_13, void @empty_13, i32 0, i32 0, i32 0, i32 0, void @empty_13, void @empty_13, i32 4294967295, i32 0"   --->   Operation 149 'specinterface' 'specinterface_ln0' <Predicate = true> <Delay = 0.00>
ST_72 : Operation 150 [1/1] (0.00ns)   --->   "%specinterface_ln0 = specinterface void @_ssdm_op_SpecInterface, i512 %inStream, void @empty_5, i32 0, i32 0, void @empty_13, i32 0, i32 0, void @empty_13, void @empty_13, void @empty_13, i32 0, i32 0, i32 0, i32 0, void @empty_13, void @empty_13, i32 4294967295, i32 0"   --->   Operation 150 'specinterface' 'specinterface_ln0' <Predicate = true> <Delay = 0.00>
ST_72 : Operation 151 [1/1] (0.00ns)   --->   "%specinterface_ln0 = specinterface void @_ssdm_op_SpecInterface, i512 %inStream, void @empty_5, i32 0, i32 0, void @empty_13, i32 0, i32 0, void @empty_13, void @empty_13, void @empty_13, i32 0, i32 0, i32 0, i32 0, void @empty_13, void @empty_13, i32 4294967295, i32 0"   --->   Operation 151 'specinterface' 'specinterface_ln0' <Predicate = true> <Delay = 0.00>
ST_72 : Operation 152 [1/1] (0.00ns)   --->   "%specinterface_ln0 = specinterface void @_ssdm_op_SpecInterface, i32 %xStream, void @empty_5, i32 0, i32 0, void @empty_13, i32 0, i32 0, void @empty_13, void @empty_13, void @empty_13, i32 0, i32 0, i32 0, i32 0, void @empty_13, void @empty_13, i32 4294967295, i32 0"   --->   Operation 152 'specinterface' 'specinterface_ln0' <Predicate = true> <Delay = 0.00>
ST_72 : Operation 153 [1/1] (0.00ns)   --->   "%specinterface_ln0 = specinterface void @_ssdm_op_SpecInterface, i32 %xStream, void @empty_5, i32 0, i32 0, void @empty_13, i32 0, i32 0, void @empty_13, void @empty_13, void @empty_13, i32 0, i32 0, i32 0, i32 0, void @empty_13, void @empty_13, i32 4294967295, i32 0"   --->   Operation 153 'specinterface' 'specinterface_ln0' <Predicate = true> <Delay = 0.00>
ST_72 : Operation 154 [1/1] (0.00ns)   --->   "%specinterface_ln0 = specinterface void @_ssdm_op_SpecInterface, i32 %xStream, void @empty_5, i32 0, i32 0, void @empty_13, i32 0, i32 0, void @empty_13, void @empty_13, void @empty_13, i32 0, i32 0, i32 0, i32 0, void @empty_13, void @empty_13, i32 4294967295, i32 0"   --->   Operation 154 'specinterface' 'specinterface_ln0' <Predicate = true> <Delay = 0.00>
ST_72 : Operation 155 [1/1] (0.00ns)   --->   "%specinterface_ln0 = specinterface void @_ssdm_op_SpecInterface, i32 %yStream, void @empty_5, i32 0, i32 0, void @empty_13, i32 0, i32 0, void @empty_13, void @empty_13, void @empty_13, i32 0, i32 0, i32 0, i32 0, void @empty_13, void @empty_13, i32 4294967295, i32 0"   --->   Operation 155 'specinterface' 'specinterface_ln0' <Predicate = true> <Delay = 0.00>
ST_72 : Operation 156 [1/1] (0.00ns)   --->   "%specinterface_ln0 = specinterface void @_ssdm_op_SpecInterface, i32 %yStream, void @empty_5, i32 0, i32 0, void @empty_13, i32 0, i32 0, void @empty_13, void @empty_13, void @empty_13, i32 0, i32 0, i32 0, i32 0, void @empty_13, void @empty_13, i32 4294967295, i32 0"   --->   Operation 156 'specinterface' 'specinterface_ln0' <Predicate = true> <Delay = 0.00>
ST_72 : Operation 157 [1/1] (0.00ns)   --->   "%specinterface_ln0 = specinterface void @_ssdm_op_SpecInterface, i32 %yStream, void @empty_5, i32 0, i32 0, void @empty_13, i32 0, i32 0, void @empty_13, void @empty_13, void @empty_13, i32 0, i32 0, i32 0, i32 0, void @empty_13, void @empty_13, i32 4294967295, i32 0"   --->   Operation 157 'specinterface' 'specinterface_ln0' <Predicate = true> <Delay = 0.00>
ST_72 : Operation 158 [1/1] (0.00ns)   --->   "%specinterface_ln0 = specinterface void @_ssdm_op_SpecInterface, i32 %yStream, void @empty_5, i32 0, i32 0, void @empty_13, i32 0, i32 0, void @empty_13, void @empty_13, void @empty_13, i32 0, i32 0, i32 0, i32 0, void @empty_13, void @empty_13, i32 4294967295, i32 0"   --->   Operation 158 'specinterface' 'specinterface_ln0' <Predicate = true> <Delay = 0.00>
ST_72 : Operation 159 [1/1] (0.00ns)   --->   "%specinterface_ln0 = specinterface void @_ssdm_op_SpecInterface, i32 %xStream, void @empty_5, i32 0, i32 0, void @empty_13, i32 0, i32 0, void @empty_13, void @empty_13, void @empty_13, i32 0, i32 0, i32 0, i32 0, void @empty_13, void @empty_13, i32 4294967295, i32 0"   --->   Operation 159 'specinterface' 'specinterface_ln0' <Predicate = true> <Delay = 0.00>
ST_72 : Operation 160 [1/1] (0.00ns)   --->   "%specinterface_ln0 = specinterface void @_ssdm_op_SpecInterface, i512 %inStream, void @empty_5, i32 0, i32 0, void @empty_13, i32 0, i32 0, void @empty_13, void @empty_13, void @empty_13, i32 0, i32 0, i32 0, i32 0, void @empty_13, void @empty_13, i32 4294967295, i32 0"   --->   Operation 160 'specinterface' 'specinterface_ln0' <Predicate = true> <Delay = 0.00>
ST_72 : Operation 161 [1/1] (0.00ns)   --->   "%specinterface_ln0 = specinterface void @_ssdm_op_SpecInterface, i512 %gmem0, void @empty_10, i32 0, i32 0, void @empty_13, i32 64, i32 31568, void @empty_1, void @empty_11, void @empty_13, i32 16, i32 16, i32 16, i32 16, void @empty_13, void @empty_13, i32 4294967295, i32 0"   --->   Operation 161 'specinterface' 'specinterface_ln0' <Predicate = true> <Delay = 0.00>
ST_72 : Operation 162 [1/2] (0.00ns)   --->   "%call_ln78 = call void @load_input_Pipeline_image_traverse, i512 %gmem0, i58 %trunc_ln, i512 %inStream, i32 %xStream, i32 %yStream" [Vitis_Accel_Examples/cpp_kernels/critical_path/src/apply_watermark.cpp:78]   --->   Operation 162 'call' 'call_ln78' <Predicate = true> <Delay = 0.00> <CoreType = "Generic">   --->   Core 0 '' <Latency = 0> <II = 1> <Delay = 1.00> <Generic> <Opcode : >
ST_72 : Operation 163 [1/1] (0.00ns)   --->   "%ret_ln0 = ret"   --->   Operation 163 'ret' 'ret_ln0' <Predicate = true> <Delay = 0.00>


============================================================
+ Verbose Summary: Timing violations
============================================================
Target clock period: 10ns, clock uncertainty: 2.7ns.

 <State 1>: 7.3ns
The critical path consists of the following:
	wire read operation ('input_read', Vitis_Accel_Examples/cpp_kernels/critical_path/src/apply_watermark.cpp:78) on port 'input_r' (Vitis_Accel_Examples/cpp_kernels/critical_path/src/apply_watermark.cpp:78) [19]  (0 ns)
	'getelementptr' operation ('gmem0_addr', Vitis_Accel_Examples/cpp_kernels/critical_path/src/apply_watermark.cpp:78) [22]  (0 ns)
	bus request operation ('empty', Vitis_Accel_Examples/cpp_kernels/critical_path/src/apply_watermark.cpp:78) on port 'gmem0' (Vitis_Accel_Examples/cpp_kernels/critical_path/src/apply_watermark.cpp:78) [23]  (7.3 ns)

 <State 2>: 7.3ns
The critical path consists of the following:
	bus request operation ('empty', Vitis_Accel_Examples/cpp_kernels/critical_path/src/apply_watermark.cpp:78) on port 'gmem0' (Vitis_Accel_Examples/cpp_kernels/critical_path/src/apply_watermark.cpp:78) [23]  (7.3 ns)

 <State 3>: 7.3ns
The critical path consists of the following:
	bus request operation ('empty', Vitis_Accel_Examples/cpp_kernels/critical_path/src/apply_watermark.cpp:78) on port 'gmem0' (Vitis_Accel_Examples/cpp_kernels/critical_path/src/apply_watermark.cpp:78) [23]  (7.3 ns)

 <State 4>: 7.3ns
The critical path consists of the following:
	bus request operation ('empty', Vitis_Accel_Examples/cpp_kernels/critical_path/src/apply_watermark.cpp:78) on port 'gmem0' (Vitis_Accel_Examples/cpp_kernels/critical_path/src/apply_watermark.cpp:78) [23]  (7.3 ns)

 <State 5>: 7.3ns
The critical path consists of the following:
	bus request operation ('empty', Vitis_Accel_Examples/cpp_kernels/critical_path/src/apply_watermark.cpp:78) on port 'gmem0' (Vitis_Accel_Examples/cpp_kernels/critical_path/src/apply_watermark.cpp:78) [23]  (7.3 ns)

 <State 6>: 7.3ns
The critical path consists of the following:
	bus request operation ('empty', Vitis_Accel_Examples/cpp_kernels/critical_path/src/apply_watermark.cpp:78) on port 'gmem0' (Vitis_Accel_Examples/cpp_kernels/critical_path/src/apply_watermark.cpp:78) [23]  (7.3 ns)

 <State 7>: 7.3ns
The critical path consists of the following:
	bus request operation ('empty', Vitis_Accel_Examples/cpp_kernels/critical_path/src/apply_watermark.cpp:78) on port 'gmem0' (Vitis_Accel_Examples/cpp_kernels/critical_path/src/apply_watermark.cpp:78) [23]  (7.3 ns)

 <State 8>: 7.3ns
The critical path consists of the following:
	bus request operation ('empty', Vitis_Accel_Examples/cpp_kernels/critical_path/src/apply_watermark.cpp:78) on port 'gmem0' (Vitis_Accel_Examples/cpp_kernels/critical_path/src/apply_watermark.cpp:78) [23]  (7.3 ns)

 <State 9>: 7.3ns
The critical path consists of the following:
	bus request operation ('empty', Vitis_Accel_Examples/cpp_kernels/critical_path/src/apply_watermark.cpp:78) on port 'gmem0' (Vitis_Accel_Examples/cpp_kernels/critical_path/src/apply_watermark.cpp:78) [23]  (7.3 ns)

 <State 10>: 7.3ns
The critical path consists of the following:
	bus request operation ('empty', Vitis_Accel_Examples/cpp_kernels/critical_path/src/apply_watermark.cpp:78) on port 'gmem0' (Vitis_Accel_Examples/cpp_kernels/critical_path/src/apply_watermark.cpp:78) [23]  (7.3 ns)

 <State 11>: 7.3ns
The critical path consists of the following:
	bus request operation ('empty', Vitis_Accel_Examples/cpp_kernels/critical_path/src/apply_watermark.cpp:78) on port 'gmem0' (Vitis_Accel_Examples/cpp_kernels/critical_path/src/apply_watermark.cpp:78) [23]  (7.3 ns)

 <State 12>: 7.3ns
The critical path consists of the following:
	bus request operation ('empty', Vitis_Accel_Examples/cpp_kernels/critical_path/src/apply_watermark.cpp:78) on port 'gmem0' (Vitis_Accel_Examples/cpp_kernels/critical_path/src/apply_watermark.cpp:78) [23]  (7.3 ns)

 <State 13>: 7.3ns
The critical path consists of the following:
	bus request operation ('empty', Vitis_Accel_Examples/cpp_kernels/critical_path/src/apply_watermark.cpp:78) on port 'gmem0' (Vitis_Accel_Examples/cpp_kernels/critical_path/src/apply_watermark.cpp:78) [23]  (7.3 ns)

 <State 14>: 7.3ns
The critical path consists of the following:
	bus request operation ('empty', Vitis_Accel_Examples/cpp_kernels/critical_path/src/apply_watermark.cpp:78) on port 'gmem0' (Vitis_Accel_Examples/cpp_kernels/critical_path/src/apply_watermark.cpp:78) [23]  (7.3 ns)

 <State 15>: 7.3ns
The critical path consists of the following:
	bus request operation ('empty', Vitis_Accel_Examples/cpp_kernels/critical_path/src/apply_watermark.cpp:78) on port 'gmem0' (Vitis_Accel_Examples/cpp_kernels/critical_path/src/apply_watermark.cpp:78) [23]  (7.3 ns)

 <State 16>: 7.3ns
The critical path consists of the following:
	bus request operation ('empty', Vitis_Accel_Examples/cpp_kernels/critical_path/src/apply_watermark.cpp:78) on port 'gmem0' (Vitis_Accel_Examples/cpp_kernels/critical_path/src/apply_watermark.cpp:78) [23]  (7.3 ns)

 <State 17>: 7.3ns
The critical path consists of the following:
	bus request operation ('empty', Vitis_Accel_Examples/cpp_kernels/critical_path/src/apply_watermark.cpp:78) on port 'gmem0' (Vitis_Accel_Examples/cpp_kernels/critical_path/src/apply_watermark.cpp:78) [23]  (7.3 ns)

 <State 18>: 7.3ns
The critical path consists of the following:
	bus request operation ('empty', Vitis_Accel_Examples/cpp_kernels/critical_path/src/apply_watermark.cpp:78) on port 'gmem0' (Vitis_Accel_Examples/cpp_kernels/critical_path/src/apply_watermark.cpp:78) [23]  (7.3 ns)

 <State 19>: 7.3ns
The critical path consists of the following:
	bus request operation ('empty', Vitis_Accel_Examples/cpp_kernels/critical_path/src/apply_watermark.cpp:78) on port 'gmem0' (Vitis_Accel_Examples/cpp_kernels/critical_path/src/apply_watermark.cpp:78) [23]  (7.3 ns)

 <State 20>: 7.3ns
The critical path consists of the following:
	bus request operation ('empty', Vitis_Accel_Examples/cpp_kernels/critical_path/src/apply_watermark.cpp:78) on port 'gmem0' (Vitis_Accel_Examples/cpp_kernels/critical_path/src/apply_watermark.cpp:78) [23]  (7.3 ns)

 <State 21>: 7.3ns
The critical path consists of the following:
	bus request operation ('empty', Vitis_Accel_Examples/cpp_kernels/critical_path/src/apply_watermark.cpp:78) on port 'gmem0' (Vitis_Accel_Examples/cpp_kernels/critical_path/src/apply_watermark.cpp:78) [23]  (7.3 ns)

 <State 22>: 7.3ns
The critical path consists of the following:
	bus request operation ('empty', Vitis_Accel_Examples/cpp_kernels/critical_path/src/apply_watermark.cpp:78) on port 'gmem0' (Vitis_Accel_Examples/cpp_kernels/critical_path/src/apply_watermark.cpp:78) [23]  (7.3 ns)

 <State 23>: 7.3ns
The critical path consists of the following:
	bus request operation ('empty', Vitis_Accel_Examples/cpp_kernels/critical_path/src/apply_watermark.cpp:78) on port 'gmem0' (Vitis_Accel_Examples/cpp_kernels/critical_path/src/apply_watermark.cpp:78) [23]  (7.3 ns)

 <State 24>: 7.3ns
The critical path consists of the following:
	bus request operation ('empty', Vitis_Accel_Examples/cpp_kernels/critical_path/src/apply_watermark.cpp:78) on port 'gmem0' (Vitis_Accel_Examples/cpp_kernels/critical_path/src/apply_watermark.cpp:78) [23]  (7.3 ns)

 <State 25>: 7.3ns
The critical path consists of the following:
	bus request operation ('empty', Vitis_Accel_Examples/cpp_kernels/critical_path/src/apply_watermark.cpp:78) on port 'gmem0' (Vitis_Accel_Examples/cpp_kernels/critical_path/src/apply_watermark.cpp:78) [23]  (7.3 ns)

 <State 26>: 7.3ns
The critical path consists of the following:
	bus request operation ('empty', Vitis_Accel_Examples/cpp_kernels/critical_path/src/apply_watermark.cpp:78) on port 'gmem0' (Vitis_Accel_Examples/cpp_kernels/critical_path/src/apply_watermark.cpp:78) [23]  (7.3 ns)

 <State 27>: 7.3ns
The critical path consists of the following:
	bus request operation ('empty', Vitis_Accel_Examples/cpp_kernels/critical_path/src/apply_watermark.cpp:78) on port 'gmem0' (Vitis_Accel_Examples/cpp_kernels/critical_path/src/apply_watermark.cpp:78) [23]  (7.3 ns)

 <State 28>: 7.3ns
The critical path consists of the following:
	bus request operation ('empty', Vitis_Accel_Examples/cpp_kernels/critical_path/src/apply_watermark.cpp:78) on port 'gmem0' (Vitis_Accel_Examples/cpp_kernels/critical_path/src/apply_watermark.cpp:78) [23]  (7.3 ns)

 <State 29>: 7.3ns
The critical path consists of the following:
	bus request operation ('empty', Vitis_Accel_Examples/cpp_kernels/critical_path/src/apply_watermark.cpp:78) on port 'gmem0' (Vitis_Accel_Examples/cpp_kernels/critical_path/src/apply_watermark.cpp:78) [23]  (7.3 ns)

 <State 30>: 7.3ns
The critical path consists of the following:
	bus request operation ('empty', Vitis_Accel_Examples/cpp_kernels/critical_path/src/apply_watermark.cpp:78) on port 'gmem0' (Vitis_Accel_Examples/cpp_kernels/critical_path/src/apply_watermark.cpp:78) [23]  (7.3 ns)

 <State 31>: 7.3ns
The critical path consists of the following:
	bus request operation ('empty', Vitis_Accel_Examples/cpp_kernels/critical_path/src/apply_watermark.cpp:78) on port 'gmem0' (Vitis_Accel_Examples/cpp_kernels/critical_path/src/apply_watermark.cpp:78) [23]  (7.3 ns)

 <State 32>: 7.3ns
The critical path consists of the following:
	bus request operation ('empty', Vitis_Accel_Examples/cpp_kernels/critical_path/src/apply_watermark.cpp:78) on port 'gmem0' (Vitis_Accel_Examples/cpp_kernels/critical_path/src/apply_watermark.cpp:78) [23]  (7.3 ns)

 <State 33>: 7.3ns
The critical path consists of the following:
	bus request operation ('empty', Vitis_Accel_Examples/cpp_kernels/critical_path/src/apply_watermark.cpp:78) on port 'gmem0' (Vitis_Accel_Examples/cpp_kernels/critical_path/src/apply_watermark.cpp:78) [23]  (7.3 ns)

 <State 34>: 7.3ns
The critical path consists of the following:
	bus request operation ('empty', Vitis_Accel_Examples/cpp_kernels/critical_path/src/apply_watermark.cpp:78) on port 'gmem0' (Vitis_Accel_Examples/cpp_kernels/critical_path/src/apply_watermark.cpp:78) [23]  (7.3 ns)

 <State 35>: 7.3ns
The critical path consists of the following:
	bus request operation ('empty', Vitis_Accel_Examples/cpp_kernels/critical_path/src/apply_watermark.cpp:78) on port 'gmem0' (Vitis_Accel_Examples/cpp_kernels/critical_path/src/apply_watermark.cpp:78) [23]  (7.3 ns)

 <State 36>: 7.3ns
The critical path consists of the following:
	bus request operation ('empty', Vitis_Accel_Examples/cpp_kernels/critical_path/src/apply_watermark.cpp:78) on port 'gmem0' (Vitis_Accel_Examples/cpp_kernels/critical_path/src/apply_watermark.cpp:78) [23]  (7.3 ns)

 <State 37>: 7.3ns
The critical path consists of the following:
	bus request operation ('empty', Vitis_Accel_Examples/cpp_kernels/critical_path/src/apply_watermark.cpp:78) on port 'gmem0' (Vitis_Accel_Examples/cpp_kernels/critical_path/src/apply_watermark.cpp:78) [23]  (7.3 ns)

 <State 38>: 7.3ns
The critical path consists of the following:
	bus request operation ('empty', Vitis_Accel_Examples/cpp_kernels/critical_path/src/apply_watermark.cpp:78) on port 'gmem0' (Vitis_Accel_Examples/cpp_kernels/critical_path/src/apply_watermark.cpp:78) [23]  (7.3 ns)

 <State 39>: 7.3ns
The critical path consists of the following:
	bus request operation ('empty', Vitis_Accel_Examples/cpp_kernels/critical_path/src/apply_watermark.cpp:78) on port 'gmem0' (Vitis_Accel_Examples/cpp_kernels/critical_path/src/apply_watermark.cpp:78) [23]  (7.3 ns)

 <State 40>: 7.3ns
The critical path consists of the following:
	bus request operation ('empty', Vitis_Accel_Examples/cpp_kernels/critical_path/src/apply_watermark.cpp:78) on port 'gmem0' (Vitis_Accel_Examples/cpp_kernels/critical_path/src/apply_watermark.cpp:78) [23]  (7.3 ns)

 <State 41>: 7.3ns
The critical path consists of the following:
	bus request operation ('empty', Vitis_Accel_Examples/cpp_kernels/critical_path/src/apply_watermark.cpp:78) on port 'gmem0' (Vitis_Accel_Examples/cpp_kernels/critical_path/src/apply_watermark.cpp:78) [23]  (7.3 ns)

 <State 42>: 7.3ns
The critical path consists of the following:
	bus request operation ('empty', Vitis_Accel_Examples/cpp_kernels/critical_path/src/apply_watermark.cpp:78) on port 'gmem0' (Vitis_Accel_Examples/cpp_kernels/critical_path/src/apply_watermark.cpp:78) [23]  (7.3 ns)

 <State 43>: 7.3ns
The critical path consists of the following:
	bus request operation ('empty', Vitis_Accel_Examples/cpp_kernels/critical_path/src/apply_watermark.cpp:78) on port 'gmem0' (Vitis_Accel_Examples/cpp_kernels/critical_path/src/apply_watermark.cpp:78) [23]  (7.3 ns)

 <State 44>: 7.3ns
The critical path consists of the following:
	bus request operation ('empty', Vitis_Accel_Examples/cpp_kernels/critical_path/src/apply_watermark.cpp:78) on port 'gmem0' (Vitis_Accel_Examples/cpp_kernels/critical_path/src/apply_watermark.cpp:78) [23]  (7.3 ns)

 <State 45>: 7.3ns
The critical path consists of the following:
	bus request operation ('empty', Vitis_Accel_Examples/cpp_kernels/critical_path/src/apply_watermark.cpp:78) on port 'gmem0' (Vitis_Accel_Examples/cpp_kernels/critical_path/src/apply_watermark.cpp:78) [23]  (7.3 ns)

 <State 46>: 7.3ns
The critical path consists of the following:
	bus request operation ('empty', Vitis_Accel_Examples/cpp_kernels/critical_path/src/apply_watermark.cpp:78) on port 'gmem0' (Vitis_Accel_Examples/cpp_kernels/critical_path/src/apply_watermark.cpp:78) [23]  (7.3 ns)

 <State 47>: 7.3ns
The critical path consists of the following:
	bus request operation ('empty', Vitis_Accel_Examples/cpp_kernels/critical_path/src/apply_watermark.cpp:78) on port 'gmem0' (Vitis_Accel_Examples/cpp_kernels/critical_path/src/apply_watermark.cpp:78) [23]  (7.3 ns)

 <State 48>: 7.3ns
The critical path consists of the following:
	bus request operation ('empty', Vitis_Accel_Examples/cpp_kernels/critical_path/src/apply_watermark.cpp:78) on port 'gmem0' (Vitis_Accel_Examples/cpp_kernels/critical_path/src/apply_watermark.cpp:78) [23]  (7.3 ns)

 <State 49>: 7.3ns
The critical path consists of the following:
	bus request operation ('empty', Vitis_Accel_Examples/cpp_kernels/critical_path/src/apply_watermark.cpp:78) on port 'gmem0' (Vitis_Accel_Examples/cpp_kernels/critical_path/src/apply_watermark.cpp:78) [23]  (7.3 ns)

 <State 50>: 7.3ns
The critical path consists of the following:
	bus request operation ('empty', Vitis_Accel_Examples/cpp_kernels/critical_path/src/apply_watermark.cpp:78) on port 'gmem0' (Vitis_Accel_Examples/cpp_kernels/critical_path/src/apply_watermark.cpp:78) [23]  (7.3 ns)

 <State 51>: 7.3ns
The critical path consists of the following:
	bus request operation ('empty', Vitis_Accel_Examples/cpp_kernels/critical_path/src/apply_watermark.cpp:78) on port 'gmem0' (Vitis_Accel_Examples/cpp_kernels/critical_path/src/apply_watermark.cpp:78) [23]  (7.3 ns)

 <State 52>: 7.3ns
The critical path consists of the following:
	bus request operation ('empty', Vitis_Accel_Examples/cpp_kernels/critical_path/src/apply_watermark.cpp:78) on port 'gmem0' (Vitis_Accel_Examples/cpp_kernels/critical_path/src/apply_watermark.cpp:78) [23]  (7.3 ns)

 <State 53>: 7.3ns
The critical path consists of the following:
	bus request operation ('empty', Vitis_Accel_Examples/cpp_kernels/critical_path/src/apply_watermark.cpp:78) on port 'gmem0' (Vitis_Accel_Examples/cpp_kernels/critical_path/src/apply_watermark.cpp:78) [23]  (7.3 ns)

 <State 54>: 7.3ns
The critical path consists of the following:
	bus request operation ('empty', Vitis_Accel_Examples/cpp_kernels/critical_path/src/apply_watermark.cpp:78) on port 'gmem0' (Vitis_Accel_Examples/cpp_kernels/critical_path/src/apply_watermark.cpp:78) [23]  (7.3 ns)

 <State 55>: 7.3ns
The critical path consists of the following:
	bus request operation ('empty', Vitis_Accel_Examples/cpp_kernels/critical_path/src/apply_watermark.cpp:78) on port 'gmem0' (Vitis_Accel_Examples/cpp_kernels/critical_path/src/apply_watermark.cpp:78) [23]  (7.3 ns)

 <State 56>: 7.3ns
The critical path consists of the following:
	bus request operation ('empty', Vitis_Accel_Examples/cpp_kernels/critical_path/src/apply_watermark.cpp:78) on port 'gmem0' (Vitis_Accel_Examples/cpp_kernels/critical_path/src/apply_watermark.cpp:78) [23]  (7.3 ns)

 <State 57>: 7.3ns
The critical path consists of the following:
	bus request operation ('empty', Vitis_Accel_Examples/cpp_kernels/critical_path/src/apply_watermark.cpp:78) on port 'gmem0' (Vitis_Accel_Examples/cpp_kernels/critical_path/src/apply_watermark.cpp:78) [23]  (7.3 ns)

 <State 58>: 7.3ns
The critical path consists of the following:
	bus request operation ('empty', Vitis_Accel_Examples/cpp_kernels/critical_path/src/apply_watermark.cpp:78) on port 'gmem0' (Vitis_Accel_Examples/cpp_kernels/critical_path/src/apply_watermark.cpp:78) [23]  (7.3 ns)

 <State 59>: 7.3ns
The critical path consists of the following:
	bus request operation ('empty', Vitis_Accel_Examples/cpp_kernels/critical_path/src/apply_watermark.cpp:78) on port 'gmem0' (Vitis_Accel_Examples/cpp_kernels/critical_path/src/apply_watermark.cpp:78) [23]  (7.3 ns)

 <State 60>: 7.3ns
The critical path consists of the following:
	bus request operation ('empty', Vitis_Accel_Examples/cpp_kernels/critical_path/src/apply_watermark.cpp:78) on port 'gmem0' (Vitis_Accel_Examples/cpp_kernels/critical_path/src/apply_watermark.cpp:78) [23]  (7.3 ns)

 <State 61>: 7.3ns
The critical path consists of the following:
	bus request operation ('empty', Vitis_Accel_Examples/cpp_kernels/critical_path/src/apply_watermark.cpp:78) on port 'gmem0' (Vitis_Accel_Examples/cpp_kernels/critical_path/src/apply_watermark.cpp:78) [23]  (7.3 ns)

 <State 62>: 7.3ns
The critical path consists of the following:
	bus request operation ('empty', Vitis_Accel_Examples/cpp_kernels/critical_path/src/apply_watermark.cpp:78) on port 'gmem0' (Vitis_Accel_Examples/cpp_kernels/critical_path/src/apply_watermark.cpp:78) [23]  (7.3 ns)

 <State 63>: 7.3ns
The critical path consists of the following:
	bus request operation ('empty', Vitis_Accel_Examples/cpp_kernels/critical_path/src/apply_watermark.cpp:78) on port 'gmem0' (Vitis_Accel_Examples/cpp_kernels/critical_path/src/apply_watermark.cpp:78) [23]  (7.3 ns)

 <State 64>: 7.3ns
The critical path consists of the following:
	bus request operation ('empty', Vitis_Accel_Examples/cpp_kernels/critical_path/src/apply_watermark.cpp:78) on port 'gmem0' (Vitis_Accel_Examples/cpp_kernels/critical_path/src/apply_watermark.cpp:78) [23]  (7.3 ns)

 <State 65>: 7.3ns
The critical path consists of the following:
	bus request operation ('empty', Vitis_Accel_Examples/cpp_kernels/critical_path/src/apply_watermark.cpp:78) on port 'gmem0' (Vitis_Accel_Examples/cpp_kernels/critical_path/src/apply_watermark.cpp:78) [23]  (7.3 ns)

 <State 66>: 7.3ns
The critical path consists of the following:
	bus request operation ('empty', Vitis_Accel_Examples/cpp_kernels/critical_path/src/apply_watermark.cpp:78) on port 'gmem0' (Vitis_Accel_Examples/cpp_kernels/critical_path/src/apply_watermark.cpp:78) [23]  (7.3 ns)

 <State 67>: 7.3ns
The critical path consists of the following:
	bus request operation ('empty', Vitis_Accel_Examples/cpp_kernels/critical_path/src/apply_watermark.cpp:78) on port 'gmem0' (Vitis_Accel_Examples/cpp_kernels/critical_path/src/apply_watermark.cpp:78) [23]  (7.3 ns)

 <State 68>: 7.3ns
The critical path consists of the following:
	bus request operation ('empty', Vitis_Accel_Examples/cpp_kernels/critical_path/src/apply_watermark.cpp:78) on port 'gmem0' (Vitis_Accel_Examples/cpp_kernels/critical_path/src/apply_watermark.cpp:78) [23]  (7.3 ns)

 <State 69>: 7.3ns
The critical path consists of the following:
	bus request operation ('empty', Vitis_Accel_Examples/cpp_kernels/critical_path/src/apply_watermark.cpp:78) on port 'gmem0' (Vitis_Accel_Examples/cpp_kernels/critical_path/src/apply_watermark.cpp:78) [23]  (7.3 ns)

 <State 70>: 7.3ns
The critical path consists of the following:
	bus request operation ('empty', Vitis_Accel_Examples/cpp_kernels/critical_path/src/apply_watermark.cpp:78) on port 'gmem0' (Vitis_Accel_Examples/cpp_kernels/critical_path/src/apply_watermark.cpp:78) [23]  (7.3 ns)

 <State 71>: 0ns
The critical path consists of the following:

 <State 72>: 0ns
The critical path consists of the following:


============================================================
+ Verbose Summary: Binding
============================================================
N/A
* FSMD analyzer results:
  - Output states:
 - Input state : 
  - Chain level:
	State 1
	State 2
	State 3
	State 4
	State 5
	State 6
	State 7
	State 8
	State 9
	State 10
	State 11
	State 12
	State 13
	State 14
	State 15
	State 16
	State 17
	State 18
	State 19
	State 20
	State 21
	State 22
	State 23
	State 24
	State 25
	State 26
	State 27
	State 28
	State 29
	State 30
	State 31
	State 32
	State 33
	State 34
	State 35
	State 36
	State 37
	State 38
	State 39
	State 40
	State 41
	State 42
	State 43
	State 44
	State 45
	State 46
	State 47
	State 48
	State 49
	State 50
	State 51
	State 52
	State 53
	State 54
	State 55
	State 56
	State 57
	State 58
	State 59
	State 60
	State 61
	State 62
	State 63
	State 64
	State 65
	State 66
	State 67
	State 68
	State 69
	State 70
	State 71
	State 72


============================================================
+ Verbose Summary: Datapath Resource usage 
============================================================
N/A
